  Determining projects to restore...
  All projects are up-to-date for restore.
  Elicom.Core -> D:\Adeel\Learning\elicom-backend\aspnet-core\src\Elicom.Core\bin\Debug\net9.0\Elicom.Core.dll
D:\Adeel\Learning\elicom-backend\aspnet-core\src\Elicom.Application\Net\MimeTypes\MimeTypeNames.cs(58,482): warning CS1570: XML comment has badly formed XML -- 'End tag 'summary' does not match the start tag 'script'.' [D:\Adeel\Learning\elicom-backend\aspnet-core\src\Elicom.Application\Elicom.Application.csproj]
D:\Adeel\Learning\elicom-backend\aspnet-core\src\Elicom.Application\Net\MimeTypes\MimeTypeNames.cs(59,1): warning CS1570: XML comment has badly formed XML -- 'Expected an end tag for element 'summary'.' [D:\Adeel\Learning\elicom-backend\aspnet-core\src\Elicom.Application\Elicom.Application.csproj]
D:\Adeel\Learning\elicom-backend\aspnet-core\src\Elicom.Application\Net\MimeTypes\MimeTypeNames.cs(109,471): warning CS1570: XML comment has badly formed XML -- 'End tag 'summary' does not match the start tag 'script'.' [D:\Adeel\Learning\elicom-backend\aspnet-core\src\Elicom.Application\Elicom.Application.csproj]
D:\Adeel\Learning\elicom-backend\aspnet-core\src\Elicom.Application\Net\MimeTypes\MimeTypeNames.cs(110,1): warning CS1570: XML comment has badly formed XML -- 'Expected an end tag for element 'summary'.' [D:\Adeel\Learning\elicom-backend\aspnet-core\src\Elicom.Application\Elicom.Application.csproj]
D:\Adeel\Learning\elicom-backend\aspnet-core\src\Elicom.Application\Cards\CardAppService.cs(13,7): warning CS0105: The using directive for 'Elicom.Cards.Dto' appeared previously in this namespace [D:\Adeel\Learning\elicom-backend\aspnet-core\src\Elicom.Application\Elicom.Application.csproj]
D:\Adeel\Learning\elicom-backend\aspnet-core\src\Elicom.Application\StoreProducts\IStoreProductAppService.cs(6,7): warning CS0105: The using directive for 'System.Threading.Tasks' appeared previously in this namespace [D:\Adeel\Learning\elicom-backend\aspnet-core\src\Elicom.Application\Elicom.Application.csproj]
D:\Adeel\Learning\elicom-backend\aspnet-core\src\Elicom.Application\Public\PublicAppService.cs(19,6): error CS0246: The type or namespace name 'AbpAllowAnonymousAttribute' could not be found (are you missing a using directive or an assembly reference?) [D:\Adeel\Learning\elicom-backend\aspnet-core\src\Elicom.Application\Elicom.Application.csproj]
D:\Adeel\Learning\elicom-backend\aspnet-core\src\Elicom.Application\Public\PublicAppService.cs(19,6): error CS0246: The type or namespace name 'AbpAllowAnonymous' could not be found (are you missing a using directive or an assembly reference?) [D:\Adeel\Learning\elicom-backend\aspnet-core\src\Elicom.Application\Elicom.Application.csproj]

Build FAILED.

D:\Adeel\Learning\elicom-backend\aspnet-core\src\Elicom.Application\Net\MimeTypes\MimeTypeNames.cs(58,482): warning CS1570: XML comment has badly formed XML -- 'End tag 'summary' does not match the start tag 'script'.' [D:\Adeel\Learning\elicom-backend\aspnet-core\src\Elicom.Application\Elicom.Application.csproj]
D:\Adeel\Learning\elicom-backend\aspnet-core\src\Elicom.Application\Net\MimeTypes\MimeTypeNames.cs(59,1): warning CS1570: XML comment has badly formed XML -- 'Expected an end tag for element 'summary'.' [D:\Adeel\Learning\elicom-backend\aspnet-core\src\Elicom.Application\Elicom.Application.csproj]
D:\Adeel\Learning\elicom-backend\aspnet-core\src\Elicom.Application\Net\MimeTypes\MimeTypeNames.cs(109,471): warning CS1570: XML comment has badly formed XML -- 'End tag 'summary' does not match the start tag 'script'.' [D:\Adeel\Learning\elicom-backend\aspnet-core\src\Elicom.Application\Elicom.Application.csproj]
D:\Adeel\Learning\elicom-backend\aspnet-core\src\Elicom.Application\Net\MimeTypes\MimeTypeNames.cs(110,1): warning CS1570: XML comment has badly formed XML -- 'Expected an end tag for element 'summary'.' [D:\Adeel\Learning\elicom-backend\aspnet-core\src\Elicom.Application\Elicom.Application.csproj]
D:\Adeel\Learning\elicom-backend\aspnet-core\src\Elicom.Application\Cards\CardAppService.cs(13,7): warning CS0105: The using directive for 'Elicom.Cards.Dto' appeared previously in this namespace [D:\Adeel\Learning\elicom-backend\aspnet-core\src\Elicom.Application\Elicom.Application.csproj]
D:\Adeel\Learning\elicom-backend\aspnet-core\src\Elicom.Application\StoreProducts\IStoreProductAppService.cs(6,7): warning CS0105: The using directive for 'System.Threading.Tasks' appeared previously in this namespace [D:\Adeel\Learning\elicom-backend\aspnet-core\src\Elicom.Application\Elicom.Application.csproj]
D:\Adeel\Learning\elicom-backend\aspnet-core\src\Elicom.Application\Public\PublicAppService.cs(19,6): error CS0246: The type or namespace name 'AbpAllowAnonymousAttribute' could not be found (are you missing a using directive or an assembly reference?) [D:\Adeel\Learning\elicom-backend\aspnet-core\src\Elicom.Application\Elicom.Application.csproj]
D:\Adeel\Learning\elicom-backend\aspnet-core\src\Elicom.Application\Public\PublicAppService.cs(19,6): error CS0246: The type or namespace name 'AbpAllowAnonymous' could not be found (are you missing a using directive or an assembly reference?) [D:\Adeel\Learning\elicom-backend\aspnet-core\src\Elicom.Application\Elicom.Application.csproj]
    6 Warning(s)
    2 Error(s)

Time Elapsed 00:00:01.99
