  Determining projects to restore...
  All projects are up-to-date for restore.
  Elicom.Core -> D:\Adeel\Learning\elicom-backend\aspnet-core\src\Elicom.Core\bin\Debug\net9.0\Elicom.Core.dll
D:\Adeel\Learning\elicom-backend\aspnet-core\src\Elicom.Application\Net\MimeTypes\MimeTypeNames.cs(58,482): warning CS1570: XML comment has badly formed XML -- 'End tag 'summary' does not match the start tag 'script'.' [D:\Adeel\Learning\elicom-backend\aspnet-core\src\Elicom.Application\Elicom.Application.csproj]
D:\Adeel\Learning\elicom-backend\aspnet-core\src\Elicom.Application\Net\MimeTypes\MimeTypeNames.cs(59,1): warning CS1570: XML comment has badly formed XML -- 'Expected an end tag for element 'summary'.' [D:\Adeel\Learning\elicom-backend\aspnet-core\src\Elicom.Application\Elicom.Application.csproj]
D:\Adeel\Learning\elicom-backend\aspnet-core\src\Elicom.Application\Net\MimeTypes\MimeTypeNames.cs(109,471): warning CS1570: XML comment has badly formed XML -- 'End tag 'summary' does not match the start tag 'script'.' [D:\Adeel\Learning\elicom-backend\aspnet-core\src\Elicom.Application\Elicom.Application.csproj]
D:\Adeel\Learning\elicom-backend\aspnet-core\src\Elicom.Application\Net\MimeTypes\MimeTypeNames.cs(110,1): warning CS1570: XML comment has badly formed XML -- 'Expected an end tag for element 'summary'.' [D:\Adeel\Learning\elicom-backend\aspnet-core\src\Elicom.Application\Elicom.Application.csproj]
D:\Adeel\Learning\elicom-backend\aspnet-core\src\Elicom.Application\Cards\CardAppService.cs(14,7): warning CS0105: The using directive for 'Elicom.Cards.Dto' appeared previously in this namespace [D:\Adeel\Learning\elicom-backend\aspnet-core\src\Elicom.Application\Elicom.Application.csproj]
D:\Adeel\Learning\elicom-backend\aspnet-core\src\Elicom.Application\StoreProducts\IStoreProductAppService.cs(6,7): warning CS0105: The using directive for 'System.Threading.Tasks' appeared previously in this namespace [D:\Adeel\Learning\elicom-backend\aspnet-core\src\Elicom.Application\Elicom.Application.csproj]
D:\Adeel\Learning\elicom-backend\aspnet-core\src\Elicom.Application\Authorization\Accounts\AccountAppService.cs(167,15): error CS7036: There is no argument given that corresponds to the required parameter 'body' of 'AccountAppService.SendEmailWithCustomSmtp(string, int, string, string, string, string, string, string, string)' [D:\Adeel\Learning\elicom-backend\aspnet-core\src\Elicom.Application\Elicom.Application.csproj]
D:\Adeel\Learning\elicom-backend\aspnet-core\src\Elicom.Application\Authorization\Accounts\AccountAppService.cs(429,23): error CS7036: There is no argument given that corresponds to the required parameter 'body' of 'AccountAppService.SendEmailWithCustomSmtp(string, int, string, string, string, string, string, string, string)' [D:\Adeel\Learning\elicom-backend\aspnet-core\src\Elicom.Application\Elicom.Application.csproj]
D:\Adeel\Learning\elicom-backend\aspnet-core\src\Elicom.Application\Authorization\Accounts\AccountAppService.cs(442,24): error CS7036: There is no argument given that corresponds to the required parameter 'body' of 'AccountAppService.SendEmailWithCustomSmtp(string, int, string, string, string, string, string, string, string)' [D:\Adeel\Learning\elicom-backend\aspnet-core\src\Elicom.Application\Elicom.Application.csproj]
D:\Adeel\Learning\elicom-backend\aspnet-core\src\Elicom.Application\Users\UserAppService.cs(105,62): warning CS1998: This async method lacks 'await' operators and will run synchronously. Consider using the 'await' operator to await non-blocking API calls, or 'await Task.Run(...)' to do CPU-bound work on a background thread. [D:\Adeel\Learning\elicom-backend\aspnet-core\src\Elicom.Application\Elicom.Application.csproj]
D:\Adeel\Learning\elicom-backend\aspnet-core\src\Elicom.Application\Users\UserAppService.cs(114,62): warning CS1998: This async method lacks 'await' operators and will run synchronously. Consider using the 'await' operator to await non-blocking API calls, or 'await Task.Run(...)' to do CPU-bound work on a background thread. [D:\Adeel\Learning\elicom-backend\aspnet-core\src\Elicom.Application\Elicom.Application.csproj]

Build FAILED.

D:\Adeel\Learning\elicom-backend\aspnet-core\src\Elicom.Application\Net\MimeTypes\MimeTypeNames.cs(58,482): warning CS1570: XML comment has badly formed XML -- 'End tag 'summary' does not match the start tag 'script'.' [D:\Adeel\Learning\elicom-backend\aspnet-core\src\Elicom.Application\Elicom.Application.csproj]
D:\Adeel\Learning\elicom-backend\aspnet-core\src\Elicom.Application\Net\MimeTypes\MimeTypeNames.cs(59,1): warning CS1570: XML comment has badly formed XML -- 'Expected an end tag for element 'summary'.' [D:\Adeel\Learning\elicom-backend\aspnet-core\src\Elicom.Application\Elicom.Application.csproj]
D:\Adeel\Learning\elicom-backend\aspnet-core\src\Elicom.Application\Net\MimeTypes\MimeTypeNames.cs(109,471): warning CS1570: XML comment has badly formed XML -- 'End tag 'summary' does not match the start tag 'script'.' [D:\Adeel\Learning\elicom-backend\aspnet-core\src\Elicom.Application\Elicom.Application.csproj]
D:\Adeel\Learning\elicom-backend\aspnet-core\src\Elicom.Application\Net\MimeTypes\MimeTypeNames.cs(110,1): warning CS1570: XML comment has badly formed XML -- 'Expected an end tag for element 'summary'.' [D:\Adeel\Learning\elicom-backend\aspnet-core\src\Elicom.Application\Elicom.Application.csproj]
D:\Adeel\Learning\elicom-backend\aspnet-core\src\Elicom.Application\Cards\CardAppService.cs(14,7): warning CS0105: The using directive for 'Elicom.Cards.Dto' appeared previously in this namespace [D:\Adeel\Learning\elicom-backend\aspnet-core\src\Elicom.Application\Elicom.Application.csproj]
D:\Adeel\Learning\elicom-backend\aspnet-core\src\Elicom.Application\StoreProducts\IStoreProductAppService.cs(6,7): warning CS0105: The using directive for 'System.Threading.Tasks' appeared previously in this namespace [D:\Adeel\Learning\elicom-backend\aspnet-core\src\Elicom.Application\Elicom.Application.csproj]
D:\Adeel\Learning\elicom-backend\aspnet-core\src\Elicom.Application\Users\UserAppService.cs(105,62): warning CS1998: This async method lacks 'await' operators and will run synchronously. Consider using the 'await' operator to await non-blocking API calls, or 'await Task.Run(...)' to do CPU-bound work on a background thread. [D:\Adeel\Learning\elicom-backend\aspnet-core\src\Elicom.Application\Elicom.Application.csproj]
D:\Adeel\Learning\elicom-backend\aspnet-core\src\Elicom.Application\Users\UserAppService.cs(114,62): warning CS1998: This async method lacks 'await' operators and will run synchronously. Consider using the 'await' operator to await non-blocking API calls, or 'await Task.Run(...)' to do CPU-bound work on a background thread. [D:\Adeel\Learning\elicom-backend\aspnet-core\src\Elicom.Application\Elicom.Application.csproj]
D:\Adeel\Learning\elicom-backend\aspnet-core\src\Elicom.Application\Authorization\Accounts\AccountAppService.cs(167,15): error CS7036: There is no argument given that corresponds to the required parameter 'body' of 'AccountAppService.SendEmailWithCustomSmtp(string, int, string, string, string, string, string, string, string)' [D:\Adeel\Learning\elicom-backend\aspnet-core\src\Elicom.Application\Elicom.Application.csproj]
D:\Adeel\Learning\elicom-backend\aspnet-core\src\Elicom.Application\Authorization\Accounts\AccountAppService.cs(429,23): error CS7036: There is no argument given that corresponds to the required parameter 'body' of 'AccountAppService.SendEmailWithCustomSmtp(string, int, string, string, string, string, string, string, string)' [D:\Adeel\Learning\elicom-backend\aspnet-core\src\Elicom.Application\Elicom.Application.csproj]
D:\Adeel\Learning\elicom-backend\aspnet-core\src\Elicom.Application\Authorization\Accounts\AccountAppService.cs(442,24): error CS7036: There is no argument given that corresponds to the required parameter 'body' of 'AccountAppService.SendEmailWithCustomSmtp(string, int, string, string, string, string, string, string, string)' [D:\Adeel\Learning\elicom-backend\aspnet-core\src\Elicom.Application\Elicom.Application.csproj]
    8 Warning(s)
    3 Error(s)

Time Elapsed 00:00:03.31
