powershell : Invoke-RestMethod : The remote server returned an error: (500) Internal Server Error.
At line:1 char:1
+ powershell -ExecutionPolicy Bypass -File test_card_flow.ps1 > test_ou ...
+ ~~~~~~~~~~~~~~~~~~~~~~~~~~~~~~~~~~~~~~~~~~~~~~~~~~~~~~~~~~~~~~~~~~~~~
    + CategoryInfo          : NotSpecified: (Invoke-RestMeth...l Server Error.:String) [], RemoteException
    + FullyQualifiedErrorId : NativeCommandError
 
At N:\NDI Projects\GitHub Projects\Elicom\test_card_flow.ps1:23 char:17
+ ... $response = Invoke-RestMethod -Uri "$baseUrl/api/TokenAuth/Authentica ...
+                 ~~~~~~~~~~~~~~~~~~~~~~~~~~~~~~~~~~~~~~~~~~~~~~~~~~~~~~~~~
    + CategoryInfo          : InvalidOperation: (System.Net.HttpWebRequest:HttpWebRequest) [Invoke-RestMethod], WebExc 
   eption
    + FullyQualifiedErrorId : WebCmdletWebResponseException,Microsoft.PowerShell.Commands.InvokeRestMethodCommand
 
Submitting Card Application...
âŒ Failed to Submit Application: The remote server returned an error: (401) Unauthorized.
Select-Object : Property "Content" cannot be found.
At N:\NDI Projects\GitHub Projects\Elicom\test_card_flow.ps1:50 char:29
+ ... $_.Exception.Response | Select-Object -ExpandProperty Content | Conve ...
+                             ~~~~~~~~~~~~~~~~~~~~~~~~~~~~~~~~~~~~~
    + CategoryInfo          : InvalidArgument: (System.Net.HttpWebResponse:PSObject) [Select-Object], PSArgumentExcept 
   ion
    + FullyQualifiedErrorId : ExpandPropertyNotFound,Microsoft.PowerShell.Commands.SelectObjectCommand
 
Fetching Card Applications...
Invoke-RestMethod : The remote server returned an error: (401) Unauthorized.
At N:\NDI Projects\GitHub Projects\Elicom\test_card_flow.ps1:55 char:9
+ $apps = Invoke-RestMethod -Uri "$baseUrl/api/services/app/Card/GetCar ...
+         ~~~~~~~~~~~~~~~~~~~~~~~~~~~~~~~~~~~~~~~~~~~~~~~~~~~~~~~~~~~~~
    + CategoryInfo          : InvalidOperation: (System.Net.HttpWebRequest:HttpWebRequest) [Invoke-RestMethod], WebExc 
   eption
    + FullyQualifiedErrorId : WebCmdletWebResponseException,Microsoft.PowerShell.Commands.InvokeRestMethodCommand
 
Cannot index into a null array.
At N:\NDI Projects\GitHub Projects\Elicom\test_card_flow.ps1:56 char:1
+ $appId = $apps.result[0].id
+ ~~~~~~~~~~~~~~~~~~~~~~~~~~~
    + CategoryInfo          : InvalidOperation: (:) [], RuntimeException
    + FullyQualifiedErrorId : NullArray
 
âœ… Found 0 applications. Using ID: 
Approving Application ...
Invoke-RestMethod : The remote server returned an error: (401) Unauthorized.
At N:\NDI Projects\GitHub Projects\Elicom\test_card_flow.ps1:61 char:1
+ Invoke-RestMethod -Uri "$baseUrl/api/services/app/Card/ApproveCardApp ...
+ ~~~~~~~~~~~~~~~~~~~~~~~~~~~~~~~~~~~~~~~~~~~~~~~~~~~~~~~~~~~~~~~~~~~~~
    + CategoryInfo          : InvalidOperation: (System.Net.HttpWebRequest:HttpWebRequest) [Invoke-RestMethod], WebExc 
   eption
    + FullyQualifiedErrorId : WebCmdletWebResponseException,Microsoft.PowerShell.Commands.InvokeRestMethodCommand
 
âœ… Application Approved Successfully
Verifying Card Creation...
Invoke-RestMethod : The remote server returned an error: (401) Unauthorized.
At N:\NDI Projects\GitHub Projects\Elicom\test_card_flow.ps1:66 char:10
+ $cards = Invoke-RestMethod -Uri "$baseUrl/api/services/app/Card/GetUs ...
+          ~~~~~~~~~~~~~~~~~~~~~~~~~~~~~~~~~~~~~~~~~~~~~~~~~~~~~~~~~~~~
    + CategoryInfo          : InvalidOperation: (System.Net.HttpWebRequest:HttpWebRequest) [Invoke-RestMethod], WebExc 
   eption
    + FullyQualifiedErrorId : WebCmdletWebResponseException,Microsoft.PowerShell.Commands.InvokeRestMethodCommand
 
âœ… User now has 0 cards.
